// Jest Snapshot v1, https://goo.gl/fbAQLP

exports[`<RaceDetails> renders OK 1`] = `
<div
  className="race"
>
  <a
    href="/"
    onClick={[Function]}
  >
    Back
  </a>
  <div
    className="header"
  >
    name
  </div>
  <div
    className="content"
  >
    <table
      cellPadding="0"
      cellSpacing="0"
    >
      <tbody />
    </table>
  </div>
</div>
`;
